../Core/Src/main.c:133:5:main	16	static
../Core/Src/main.c:206:6:SystemClock_Config	88	static
../Core/Src/main.c:254:13:MX_TIM1_Init	96	static
../Core/Src/main.c:341:13:MX_TIM3_Init	56	static
../Core/Src/main.c:390:13:MX_TIM4_Init	56	static
../Core/Src/main.c:439:13:MX_TIM7_Init	16	static
../Core/Src/main.c:477:13:MX_USART2_UART_Init	8	static
../Core/Src/main.c:508:13:MX_DMA_Init	16	static
../Core/Src/main.c:529:13:MX_GPIO_Init	40	static
../Core/Src/main.c:555:6:HAL_TIM_PeriodElapsedCallback	16	static
../Core/Src/main.c:575:6:Error_Handler	4	static,ignoring_inline_asm
