../Core/Src/main.c:78:5:main	8	static
../Core/Src/main.c:127:6:SystemClock_Config	88	static
../Core/Src/main.c:175:13:MX_TIM1_Init	96	static
../Core/Src/main.c:267:13:MX_TIM3_Init	56	static
../Core/Src/main.c:316:13:MX_TIM4_Init	56	static
../Core/Src/main.c:365:13:MX_TIM7_Init	16	static
../Core/Src/main.c:403:13:MX_USART2_UART_Init	8	static
../Core/Src/main.c:434:13:MX_DMA_Init	16	static
../Core/Src/main.c:455:13:MX_GPIO_Init	40	static
../Core/Src/main.c:487:6:Error_Handler	4	static,ignoring_inline_asm
